
> backend@1.0.0 test
> cross-env NODE_ENV=test jest --runInBand

  console.log
    [dotenv@17.2.3] injecting env (8) from .env -- tip: ΓÜÖ∩╕Å  override existing env vars with { override: true }

      at _log (node_modules/dotenv/lib/main.js:142:11)

  console.log
    Loading CORS...

      at Object.log (server.js:29:9)

  console.log
    Loading JSON...

      at Object.log (server.js:39:9)

  console.log
    Loading UrlEncoded...

      at Object.log (server.js:41:9)

  console.log
    Serving static...

      at Object.log (server.js:43:9)

node.exe : (node:2940) [MONGOOSE] Warning: 
Duplicate schema index on {"slug":1} found. 
This is often due to declaring an index using 
both "index: true" and "schema.index()". 
Please remove the duplicate index definition.
At line:1 char:1
+ & "C:\Program Files\nodejs/node.exe" 
"C:\Program Files\nodejs/node_mo ...
+ ~~~~~~~~~~~~~~~~~~~~~~~~~~~~~~~~~~~~~~~~~~~~
~~~~~~~~~~~~~~~~~~~~~~~~~
    + CategoryInfo          : NotSpecified: ( 
   (node:2940) [MO...dex definition.:String)  
   [], RemoteException
    + FullyQualifiedErrorId : NativeCommandEr 
   ror
 
(Use `node --trace-warnings ...` to show 
where the warning was created)
  console.log
    MongoDB Connected: localhost

      at log (src/config/database.js:9:13)

  console.log
    [Lifecycle] Scheduled jobs started

      at log (src/jobs/lifecycleJobs.js:94:13)

  console.error
    JsonWebTokenError {
      name: 'JsonWebTokenError',
      message: 'jwt malformed'
    }

    [0m [90m 47 |[39m             next()[33m;[39m
     [90m 48 |[39m         } [36mcatch[39m (error) {
    [31m[1m>[22m[39m[90m 49 |[39m             console[33m.[39merror(error)[33m;[39m
     [90m    |[39m                     [31m[1m^[22m[39m
     [90m 50 |[39m             [36mreturn[39m res[33m.[39mstatus([35m401[39m)[33m.[39mjson({ success[33m:[39m [36mfalse[39m[33m,[39m message[33m:[39m [32m'Not authorized, token failed'[39m })[33m;[39m
     [90m 51 |[39m         }
     [90m 52 |[39m     }[0m

      at error (src/middleware/auth.js:49:21)
      at Layer.handleRequest (node_modules/router/lib/layer.js:152:17)
      at next (node_modules/router/lib/route.js:157:13)
      at Route.dispatch (node_modules/router/lib/route.js:117:3)
      at handle (node_modules/router/index.js:435:11)
      at Layer.handleRequest (node_modules/router/lib/layer.js:152:17)
      at node_modules/router/index.js:295:15
      at processParams (node_modules/router/index.js:582:12)
      at next (node_modules/router/index.js:291:5)
      at router.handle (node_modules/router/index.js:186:3)
      at router (node_modules/router/index.js:60:12)
      at Layer.handleRequest (node_modules/router/lib/layer.js:152:17)
      at trimPrefix (node_modules/router/index.js:342:13)
      at node_modules/router/index.js:297:9
      at processParams (node_modules/router/index.js:582:12)
      at next (node_modules/router/index.js:291:5)
      at read (node_modules/body-parser/lib/read.js:43:5)
      at urlencodedParser (node_modules/body-parser/lib/types/urlencoded.js:58:5)
      at Layer.handleRequest (node_modules/router/lib/layer.js:152:17)
      at trimPrefix (node_modules/router/index.js:342:13)
      at node_modules/router/index.js:297:9
      at processParams (node_modules/router/index.js:582:12)
      at next (node_modules/router/index.js:291:5)
      at node_modules/body-parser/lib/read.js:172:5
      at invokeCallback (node_modules/raw-body/index.js:238:16)
      at done (node_modules/raw-body/index.js:227:7)
      at IncomingMessage.onEnd (node_modules/raw-body/index.js:287:7)

(node:2940) Warning: `--localstorage-file` 
was provided without a valid path
FAIL tests/config.test.js
  Site Config API
    ΓêÜ GET /api/config should return 200 and 
config object (17 ms)
    ΓêÜ PUT /api/config should fail without 
token (8 ms)
    ├ù PUT /api/config should update settings 
with valid token (32 ms)

  ΓùÅ Site Config API ΓÇ║ PUT /api/config 
should update settings with valid token

    expect(received).toEqual(expected) // 
deep equality

    Expected: 200
    Received: 401

    [0m [90m 80 |[39m             
})[33m;[39m
     [90m 81 |[39m
    [31m[1m>[22m[39m[90m 82 |[39m       
  expect(res[33m.[39mstatusCode)[33m.[39mt
oEqual([35m200[39m)[33m;[39m
     [90m    |[39m                          
      [31m[1m^[22m[39m
     [90m 83 |[39m         expect(res[33m.
[39mbody[33m.[39mdata[33m.[39mfeatures[33
m.[39mshowSignInButton)[33m.[39mtoBe(newSho
wSignIn)[33m;[39m
     [90m 84 |[39m
     [90m 85 |[39m         [90m// Verify 
persistence[39m[0m

      at Object.toEqual 
(tests/config.test.js:82:32)

Test Suites: 1 failed, 1 total
Tests:       1 failed, 2 passed, 3 total
Snapshots:   0 total
Time:        2.754 s, estimated 10 s
Ran all test suites.
Jest did not exit one second after the test 
run has completed.

'This usually means that there are 
asynchronous operations that weren't stopped 
in your tests. Consider running Jest with 
`--detectOpenHandles` to troubleshoot this 
issue.
